[0.012s] Invoking command in '/home/zouxx/MyData/ROS2_Visual_WS/build/my_robot_bringup': DEBUGINFOD_URLS=https://debuginfod.ubuntu.com /usr/bin/cmake /home/zouxx/MyData/ROS2_Visual_WS/src/my_robot_bringup -DCMAKE_INSTALL_PREFIX=/home/zouxx/MyData/ROS2_Visual_WS/install/my_robot_bringup
[0.025s] -- Found ament_cmake: 2.5.4 (/opt/ros/jazzy/share/ament_cmake/cmake)
[0.278s] Error parsing '/home/zouxx/MyData/ROS2_Visual_WS/src/my_robot_bringup/package.xml':
[1.306s] Traceback (most recent call last):
[1.306s]   File "/usr/lib/python3/dist-packages/catkin_pkg/package.py", line 610, in parse_package_string
[1.306s]     root = dom.parseString(data)
[1.306s]            ^^^^^^^^^^^^^^^^^^^^^
[1.306s]   File "/usr/lib/python3.12/xml/dom/minidom.py", line 2000, in parseString
[1.306s]     return expatbuilder.parseString(string)
[1.307s]            ^^^^^^^^^^^^^^^^^^^^^^^^^^^^^^^^
[1.307s]   File "/usr/lib/python3.12/xml/dom/expatbuilder.py", line 922, in parseString
[1.307s]     return builder.parseString(string)
[1.307s]            ^^^^^^^^^^^^^^^^^^^^^^^^^^^
[1.307s]   File "/usr/lib/python3.12/xml/dom/expatbuilder.py", line 220, in parseString
[1.307s]     parser.Parse(string, True)
[1.307s] xml.parsers.expat.ExpatError: mismatched tag: line 13, column 38
[1.307s] 
[1.307s] During handling of the above exception, another exception occurred:
[1.307s] 
[1.307s] Traceback (most recent call last):
[1.307s]   File "/opt/ros/jazzy/share/ament_cmake_core/cmake/core/package_xml_2_cmake.py", line 150, in <module>
[1.308s]     main()
[1.308s]   File "/opt/ros/jazzy/share/ament_cmake_core/cmake/core/package_xml_2_cmake.py", line 53, in main
[1.308s]     raise e
[1.308s]   File "/opt/ros/jazzy/share/ament_cmake_core/cmake/core/package_xml_2_cmake.py", line 49, in main
[1.308s]     package = parse_package_string(
[1.308s]               ^^^^^^^^^^^^^^^^^^^^^
[1.308s]   File "/usr/lib/python3/dist-packages/catkin_pkg/package.py", line 612, in parse_package_string
[1.308s]     raise InvalidPackage('The manifest contains invalid XML:\n%s' % ex, filename)
[1.308s] catkin_pkg.package.InvalidPackage: Error(s) in package '/home/zouxx/MyData/ROS2_Visual_WS/src/my_robot_bringup/package.xml':
[1.308s] The manifest contains invalid XML:
[1.308s] mismatched tag: line 13, column 38
[1.345s] [31mCMake Error at /opt/ros/jazzy/share/ament_cmake_core/cmake/core/ament_package_xml.cmake:95 (message):
[1.345s]   execute_process(/usr/bin/python3
[1.346s]   /opt/ros/jazzy/share/ament_cmake_core/cmake/core/package_xml_2_cmake.py
[1.346s]   /home/zouxx/MyData/ROS2_Visual_WS/src/my_robot_bringup/package.xml
[1.346s]   /home/zouxx/MyData/ROS2_Visual_WS/build/my_robot_bringup/ament_cmake_core/package.cmake)
[1.346s]   returned error code 1
[1.346s] Call Stack (most recent call first):
[1.346s]   /opt/ros/jazzy/share/ament_cmake_core/cmake/core/ament_package_xml.cmake:49 (_ament_package_xml)
[1.346s]   /opt/ros/jazzy/share/ament_cmake_core/cmake/core/ament_package.cmake:63 (ament_package_xml)
[1.346s]   CMakeLists.txt:15 (ament_package)
[1.346s] 
[1.346s] [0m
[1.346s] -- Configuring incomplete, errors occurred!
[1.349s] Invoked command in '/home/zouxx/MyData/ROS2_Visual_WS/build/my_robot_bringup' returned '1': DEBUGINFOD_URLS=https://debuginfod.ubuntu.com /usr/bin/cmake /home/zouxx/MyData/ROS2_Visual_WS/src/my_robot_bringup -DCMAKE_INSTALL_PREFIX=/home/zouxx/MyData/ROS2_Visual_WS/install/my_robot_bringup
